// Jest Snapshot v1, https://goo.gl/fbAQLP

exports[`renders correctly 1`] = `
<WithStyles(Pickers)>
  <div
    className="Pickers-root-1"
  >
    <WithStyles(Picker)>
      <form
        autoComplete="off"
        className="Picker-root-2"
      >
        <WithStyles(ForwardRef(TextField))>
          <ForwardRef(TextField)>
            <WithStyles(ForwardRef(FormControl))>
              <ForwardRef(FormControl)>
                <div
                  className="MuiFormControl-root MuiTextField-root"
                >
                  <WithStyles(ForwardRef(InputLabel))>
                    <ForwardRef(InputLabel)>
                      <WithStyles(ForwardRef(FormLabel))>
                        <ForwardRef(FormLabel)>
                          <label
                            className="MuiFormLabel-root MuiInputLabel-root MuiInputLabel-formControl MuiInputLabel-animated MuiInputLabel-shrink MuiFormLabel-filled"
                            data-shrink={true}
                          >
                            Platform
                          </label>
                        </ForwardRef(FormLabel)>
                      </WithStyles(ForwardRef(FormLabel))>
                    </ForwardRef(InputLabel)>
                  </WithStyles(ForwardRef(InputLabel))>
                  <WithStyles(ForwardRef(Select))>
                    <ForwardRef(Select)>
                      <WithStyles(ForwardRef(Input))>
                        <ForwardRef(Input)>
                          <WithStyles(ForwardRef(InputBase))>
                            <ForwardRef(InputBase)>
                              <div
                                className="MuiInputBase-root MuiInput-root MuiInput-underline MuiInputBase-formControl MuiInput-formControl"
                                onClick={[Function]}
                              >
                                <ForwardRef(SelectInput)>
                                  <div
                                    aria-haspopup="listbox"
                                    className="MuiSelect-root MuiSelect-select MuiSelect-selectMenu MuiInputBase-input MuiInput-input MuiInputBase-inputSelect"
                                    id="select-platform"
                                    onBlur={[Function]}
                                    onClick={[Function]}
                                    onFocus={[Function]}
                                    onKeyDown={[Function]}
                                    role="button"
                                    tabIndex={0}
                                  >
                                    Windows 10 64bit
                                  </div>
                                  <input
                                    name="platform"
                                    onAnimationStart={[Function]}
                                    type="hidden"
                                    value="win10"
                                  />
                                  <ForwardRef>
                                    <WithStyles(ForwardRef(SvgIcon))>
                                      <ForwardRef(SvgIcon)>
                                        <svg
                                          aria-hidden="true"
                                          className="MuiSvgIcon-root MuiSelect-icon"
                                          focusable="false"
                                          role="presentation"
                                          viewBox="0 0 24 24"
                                        >
                                          <path
                                            d="M7 10l5 5 5-5z"
                                          />
                                        </svg>
                                      </ForwardRef(SvgIcon)>
                                    </WithStyles(ForwardRef(SvgIcon))>
                                  </ForwardRef>
                                  <WithStyles(ForwardRef(Menu))>
                                    <ForwardRef(Menu)>
                                      <WithStyles(ForwardRef(Popover))>
                                        <ForwardRef(Popover)>
                                          <ForwardRef(Modal) />
                                        </ForwardRef(Popover)>
                                      </WithStyles(ForwardRef(Popover))>
                                    </ForwardRef(Menu)>
                                  </WithStyles(ForwardRef(Menu))>
                                </ForwardRef(SelectInput)>
                              </div>
                            </ForwardRef(InputBase)>
                          </WithStyles(ForwardRef(InputBase))>
                        </ForwardRef(Input)>
                      </WithStyles(ForwardRef(Input))>
                    </ForwardRef(Select)>
                  </WithStyles(ForwardRef(Select))>
                </div>
              </ForwardRef(FormControl)>
            </WithStyles(ForwardRef(FormControl))>
          </ForwardRef(TextField)>
        </WithStyles(ForwardRef(TextField))>
      </form>
    </WithStyles(Picker)>
    <WithStyles(Picker)>
      <form
        autoComplete="off"
        className="Picker-root-2"
      >
        <WithStyles(ForwardRef(TextField))>
          <ForwardRef(TextField)>
            <WithStyles(ForwardRef(FormControl))>
              <ForwardRef(FormControl)>
                <div
                  className="MuiFormControl-root MuiTextField-root"
                >
                  <WithStyles(ForwardRef(InputLabel))>
                    <ForwardRef(InputLabel)>
                      <WithStyles(ForwardRef(FormLabel))>
                        <ForwardRef(FormLabel)>
                          <label
                            className="MuiFormLabel-root MuiInputLabel-root MuiInputLabel-formControl MuiInputLabel-animated MuiInputLabel-shrink MuiFormLabel-filled"
                            data-shrink={true}
                          >
                            Benchmark
                          </label>
                        </ForwardRef(FormLabel)>
                      </WithStyles(ForwardRef(FormLabel))>
                    </ForwardRef(InputLabel)>
                  </WithStyles(ForwardRef(InputLabel))>
                  <WithStyles(ForwardRef(Select))>
                    <ForwardRef(Select)>
                      <WithStyles(ForwardRef(Input))>
                        <ForwardRef(Input)>
                          <WithStyles(ForwardRef(InputBase))>
                            <ForwardRef(InputBase)>
                              <div
                                className="MuiInputBase-root MuiInput-root MuiInput-underline MuiInputBase-formControl MuiInput-formControl"
                                onClick={[Function]}
                              >
                                <ForwardRef(SelectInput)>
                                  <div
                                    aria-haspopup="listbox"
                                    className="MuiSelect-root MuiSelect-select MuiSelect-selectMenu MuiInputBase-input MuiInput-input MuiInputBase-inputSelect"
                                    id="select-benchmark"
                                    onBlur={[Function]}
                                    onClick={[Function]}
                                    onFocus={[Function]}
                                    onKeyDown={[Function]}
                                    role="button"
                                    tabIndex={0}
                                  >
                                    Overview
                                  </div>
                                  <input
                                    name="benchmark"
                                    onAnimationStart={[Function]}
                                    type="hidden"
                                    value="overview"
                                  />
                                  <ForwardRef>
                                    <WithStyles(ForwardRef(SvgIcon))>
                                      <ForwardRef(SvgIcon)>
                                        <svg
                                          aria-hidden="true"
                                          className="MuiSvgIcon-root MuiSelect-icon"
                                          focusable="false"
                                          role="presentation"
                                          viewBox="0 0 24 24"
                                        >
                                          <path
                                            d="M7 10l5 5 5-5z"
                                          />
                                        </svg>
                                      </ForwardRef(SvgIcon)>
                                    </WithStyles(ForwardRef(SvgIcon))>
                                  </ForwardRef>
                                  <WithStyles(ForwardRef(Menu))>
                                    <ForwardRef(Menu)>
                                      <WithStyles(ForwardRef(Popover))>
                                        <ForwardRef(Popover)>
                                          <ForwardRef(Modal) />
                                        </ForwardRef(Popover)>
                                      </WithStyles(ForwardRef(Popover))>
                                    </ForwardRef(Menu)>
                                  </WithStyles(ForwardRef(Menu))>
                                </ForwardRef(SelectInput)>
                              </div>
                            </ForwardRef(InputBase)>
                          </WithStyles(ForwardRef(InputBase))>
                        </ForwardRef(Input)>
                      </WithStyles(ForwardRef(Input))>
                    </ForwardRef(Select)>
                  </WithStyles(ForwardRef(Select))>
                </div>
              </ForwardRef(FormControl)>
            </WithStyles(ForwardRef(FormControl))>
          </ForwardRef(TextField)>
        </WithStyles(ForwardRef(TextField))>
      </form>
    </WithStyles(Picker)>
  </div>
</WithStyles(Pickers)>
`;
