// Jest Snapshot v1, https://goo.gl/fbAQLP

exports[`renders correctly 1`] = `
<DocumentFragment>
  <form
    autocomplete="off"
    class="Slider-root-1"
  >
    <label
      class="MuiFormLabel-root MuiInputLabel-root Slider-label-2 MuiInputLabel-animated"
      for="test"
    >
      Test
    </label>
    <span
      class="MuiSlider-root MuiSlider-colorPrimary"
      title="test"
    >
      <span
        class="MuiSlider-rail"
      />
      <span
        class="MuiSlider-track"
        style="left: 0%; width: 25%;"
      />
      <input
        type="hidden"
        value="15"
      />
      <span
        aria-labelledby="test"
        aria-orientation="horizontal"
        aria-valuemax="30"
        aria-valuemin="10"
        aria-valuenow="15"
        class="MuiSlider-thumb MuiSlider-thumbColorPrimary"
        data-index="0"
        role="slider"
        style="left: 25%;"
        tabindex="0"
      />
    </span>
  </form>
</DocumentFragment>
`;
